cached plain_0.json
cached poem_1.json
cached verbalized_sampling_1.json
cached random_tokens_0.json
cached persona_0.json
cached distant_paragraph_0.json
cached verbalized_sampling_0.json
cached poem_0.json
cached plain_1.json
cached distant_paragraph_1.json
cached persona_1.json
cached random_tokens_1.json
wrote distant_paragraph_required_1.json
cached plain_2.json
cached verbalized_sampling_2.json
cached persona_2.json
cached poem_2.json
cached distant_paragraph_2.json
cached random_tokens_2.json
wrote poem_required_0.json
wrote distant_paragraph_required_0.json
wrote random_tokens_required_1.json
cached plain_3.json
cached verbalized_sampling_3.json
cached persona_3.json
cached poem_3.json
cached distant_paragraph_3.json
cached random_tokens_3.json
wrote poem_required_1.json
wrote random_tokens_required_2.json
wrote poem_required_3.json
cached plain_4.json
cached verbalized_sampling_4.json
cached persona_4.json
cached poem_4.json
cached distant_paragraph_4.json
cached random_tokens_4.json
wrote random_tokens_required_0.json
wrote distant_paragraph_required_2.json
wrote distant_paragraph_required_3.json
cached plain_5.json
cached verbalized_sampling_5.json
cached persona_5.json
cached poem_5.json
cached distant_paragraph_5.json
cached random_tokens_5.json
wrote poem_required_2.json
wrote random_tokens_required_3.json
wrote poem_required_4.json
cached plain_6.json
cached verbalized_sampling_6.json
cached persona_6.json
cached poem_6.json
cached distant_paragraph_6.json
cached random_tokens_6.json
wrote random_tokens_required_4.json
wrote poem_required_5.json
wrote distant_paragraph_required_5.json
cached plain_7.json
cached verbalized_sampling_7.json
cached persona_7.json
cached poem_7.json
cached distant_paragraph_7.json
cached random_tokens_7.json
wrote distant_paragraph_required_4.json
wrote random_tokens_required_5.json
wrote poem_required_7.json
wrote random_tokens_required_6.json
wrote poem_required_6.json
wrote distant_paragraph_required_6.json
wrote distant_paragraph_required_7.json
wrote random_tokens_required_7.json
all 72 generation calls present
