wrote verbalized_sampling_0.json
wrote distant_paragraph_0.json
wrote random_tokens_0.json
wrote poem_0.json
wrote plain_0.json
wrote persona_0.json
wrote verbalized_sampling_1.json
wrote plain_1.json
wrote poem_1.json
wrote distant_paragraph_1.json
wrote random_tokens_1.json
wrote persona_1.json
wrote verbalized_sampling_2.json
wrote plain_2.json
wrote poem_2.json
wrote distant_paragraph_2.json
wrote persona_2.json
wrote random_tokens_2.json
wrote verbalized_sampling_3.json
wrote plain_3.json
wrote poem_3.json
wrote persona_3.json
wrote distant_paragraph_3.json
wrote random_tokens_3.json
wrote verbalized_sampling_4.json
wrote plain_4.json
wrote distant_paragraph_4.json
wrote persona_4.json
wrote poem_4.json
wrote random_tokens_4.json
wrote verbalized_sampling_5.json
wrote plain_5.json
wrote poem_5.json
wrote distant_paragraph_5.json
wrote random_tokens_5.json
wrote persona_5.json
wrote verbalized_sampling_6.json
wrote plain_6.json
wrote poem_6.json
wrote persona_6.json
wrote distant_paragraph_6.json
wrote random_tokens_6.json
wrote verbalized_sampling_7.json
wrote plain_7.json
wrote persona_7.json
wrote poem_7.json
wrote distant_paragraph_7.json
wrote random_tokens_7.json
all 48 generation calls present
