loaded 600 ideas from 15 arms
Loading weights:   0%|          | 0/103 [00:00<?, ?it/s]Loading weights: 100%|██████████| 103/103 [00:00<00:00, 9329.73it/s]
[minilm] permutation tests vs plain done
[minilm] permutation tests vs verbalized_sampling done
[minilm] required vs optional tests done
[tfidf] permutation tests vs plain done
[tfidf] permutation tests vs verbalized_sampling done
[tfidf] required vs optional tests done
| arm | spread [95% CI] | near-dup frac @0.75 [95% CI] | clusters/40 | within-call sim | between-call sim | novelty vs plain | novelty vs VS |
|---|---|---|---|---|---|---|---|
| plain | 0.422 [0.404, 0.450] | 0.93 [0.70, 1.00] | 13 | 0.534 | 0.583 | 0.143 | 0.170 |
| verbalized_sampling | 0.417 [0.404, 0.444] | 1.00 [0.85, 1.00] | 9 | 0.528 | 0.589 | 0.158 | 0.110 |
| persona | 0.468 [0.446, 0.494] | 0.47 [0.20, 0.60] | 28 | 0.522 | 0.533 | 0.257 | 0.274 |
| poem | 0.416 [0.401, 0.440] | 0.97 [0.82, 0.97] | 11 | 0.538 | 0.590 | 0.162 | 0.164 |
| distant_paragraph | 0.413 [0.399, 0.443] | 1.00 [0.85, 1.00] | 11 | 0.540 | 0.592 | 0.155 | 0.163 |
| random_tokens | 0.427 [0.420, 0.448] | 0.95 [0.85, 1.00] | 9 | 0.522 | 0.578 | 0.157 | 0.169 |
| self_designed | 0.432 [0.418, 0.455] | 0.47 [0.17, 0.57] | 31 | 0.539 | 0.571 | 0.234 | 0.260 |
| word_salad | 0.412 [0.403, 0.439] | 0.93 [0.72, 0.97] | 12 | 0.545 | 0.593 | 0.145 | 0.160 |
| semi_random | 0.425 [0.404, 0.459] | 0.90 [0.70, 0.97] | 12 | 0.528 | 0.580 | 0.146 | 0.145 |
| poem_required | 0.461 [0.441, 0.491] | 0.65 [0.28, 0.70] | 26 | 0.503 | 0.543 | 0.211 | 0.213 |
| distant_paragraph_required | 0.458 [0.434, 0.495] | 0.53 [0.38, 0.57] | 26 | 0.514 | 0.546 | 0.229 | 0.233 |
| random_tokens_required | 0.456 [0.443, 0.480] | 0.78 [0.50, 0.80] | 21 | 0.500 | 0.549 | 0.195 | 0.198 |
| self_designed_required | 0.462 [0.429, 0.495] | 0.38 [0.05, 0.47] | 33 | 0.524 | 0.540 | 0.276 | 0.295 |
| word_salad_required | 0.450 [0.440, 0.473] | 0.80 [0.50, 0.85] | 19 | 0.502 | 0.556 | 0.180 | 0.188 |
| semi_random_required | 0.433 [0.418, 0.458] | 0.90 [0.65, 0.95] | 17 | 0.528 | 0.572 | 0.189 | 0.196 |
