loaded 760 ideas from 19 arms
Loading weights:   0%|          | 0/103 [00:00<?, ?it/s]Loading weights: 100%|██████████| 103/103 [00:00<00:00, 12853.71it/s]
[minilm] permutation tests vs plain done
[minilm] permutation tests vs verbalized_sampling done
[minilm] required vs optional tests done
[minilm] required vs instruction-only tests done
[minilm] stream tests done
[tfidf] permutation tests vs plain done
[tfidf] permutation tests vs verbalized_sampling done
[tfidf] required vs optional tests done
[tfidf] required vs instruction-only tests done
[tfidf] stream tests done
| arm | spread [95% CI] | near-dup frac @0.75 | clusters/40 | within-call sim | between-call sim | novelty vs plain | novelty vs VS |
|---|---|---|---|---|---|---|---|
| plain | 0.422 [0.402, 0.443] | 0.93 | 13 | 0.534 | 0.583 | 0.143 | 0.170 |
| verbalized_sampling | 0.417 [0.401, 0.435] | 1.00 | 9 | 0.528 | 0.589 | 0.158 | 0.110 |
| persona | 0.468 [0.445, 0.492] | 0.47 | 28 | 0.522 | 0.533 | 0.257 | 0.274 |
| poem | 0.416 [0.399, 0.433] | 0.97 | 11 | 0.538 | 0.590 | 0.162 | 0.164 |
| distant_paragraph | 0.413 [0.394, 0.435] | 1.00 | 11 | 0.540 | 0.592 | 0.155 | 0.163 |
| random_tokens | 0.427 [0.416, 0.440] | 0.95 | 9 | 0.522 | 0.578 | 0.157 | 0.169 |
| self_designed | 0.432 [0.415, 0.449] | 0.47 | 31 | 0.539 | 0.571 | 0.234 | 0.260 |
| word_salad | 0.412 [0.400, 0.429] | 0.93 | 12 | 0.545 | 0.593 | 0.145 | 0.160 |
| semi_random | 0.425 [0.401, 0.450] | 0.90 | 12 | 0.528 | 0.580 | 0.146 | 0.145 |
| poem_required | 0.461 [0.438, 0.485] | 0.65 | 26 | 0.503 | 0.543 | 0.211 | 0.213 |
| distant_paragraph_required | 0.458 [0.431, 0.488] | 0.53 | 26 | 0.514 | 0.546 | 0.229 | 0.233 |
| random_tokens_required | 0.456 [0.438, 0.473] | 0.78 | 21 | 0.500 | 0.549 | 0.195 | 0.198 |
| self_designed_required | 0.462 [0.429, 0.492] | 0.38 | 33 | 0.524 | 0.540 | 0.276 | 0.295 |
| word_salad_required | 0.450 [0.437, 0.465] | 0.80 | 19 | 0.502 | 0.556 | 0.180 | 0.188 |
| semi_random_required | 0.433 [0.415, 0.451] | 0.90 | 17 | 0.528 | 0.572 | 0.189 | 0.196 |
| instruction_only | 0.523 [0.501, 0.546] | 0.65 | 22 | 0.424 | 0.483 | 0.308 | 0.321 |
| stream_blind_required | 0.481 [0.460, 0.505] | 0.78 | 20 | 0.476 | 0.523 | 0.250 | 0.259 |
| stream_seeded_required | 0.450 [0.425, 0.475] | 0.62 | 24 | 0.517 | 0.554 | 0.213 | 0.218 |
| stream_parallel_required | 0.432 [0.411, 0.452] | 0.75 | 24 | 0.539 | 0.571 | 0.293 | 0.313 |
